initial volume fraction = 0.03959999389187988
compressing, currently time 1.610948
compression running ... current pf:  0.039999993830181706
compressing, currently time 1.330553
compression running ... current pf:  0.04040403417190073
compressing, currently time 1.309138
compression running ... current pf:  0.04081215572919266
compressing, currently time 1.342652
compression running ... current pf:  0.04122439972645722
compressing, currently time 1.32322
compression running ... current pf:  0.04164080780450226
compressing, currently time 1.348601
compression running ... current pf:  0.042061422024749766
compressing, currently time 1.339347
compression running ... current pf:  0.04248628487348462
compressing, currently time 1.353643
compression running ... current pf:  0.04291543926614608
compressing, currently time 1.339191
compression running ... current pf:  0.04334892855166273
compressing, currently time 1.359119
compression running ... current pf:  0.04378679651683105
compressing, currently time 1.350898
compression running ... current pf:  0.04422908739073844
compressing, currently time 1.383794
compression running ... current pf:  0.04467584584923076
compressing, currently time 1.349877
compression running ... current pf:  0.045127117019425005
compressing, currently time 1.377842
compression running ... current pf:  0.045582946484267674
compressing, currently time 1.369772
compression running ... current pf:  0.04604338028713908
compressing, currently time 1.3924
compression running ... current pf:  0.04650846493650411
compressing, currently time 1.370668
compression running ... current pf:  0.04697824741061021
compressing, currently time 1.402568
compression running ... current pf:  0.04745277516223253
compressing, currently time 1.384447
compression running ... current pf:  0.047932096123467216
compressing, currently time 1.415
compression running ... current pf:  0.04841625871057294
compressing, currently time 1.397103
compression running ... current pf:  0.048905311828861556
compressing, currently time 1.423428
compression running ... current pf:  0.049399304877637946
compressing, currently time 1.399755
compression running ... current pf:  0.04989828775518984
compressing, currently time 1.425128
compression running ... current pf:  0.050402310863828126
compressing, currently time 1.415341
compression running ... current pf:  0.05091142511497791
compressing, currently time 1.440499
compression running ... current pf:  0.051425681934321135
compressing, currently time 1.420788
compression running ... current pf:  0.05194513326699104
compressing, currently time 1.443722
compression running ... current pf:  0.05246983158281924
compressing, currently time 1.429675
compression running ... current pf:  0.05299982988163561
compressing, currently time 1.456575
compression running ... current pf:  0.05353518169862182
compressing, currently time 1.440538
compression running ... current pf:  0.05407594110971902
compressing, currently time 1.470001
compression running ... current pf:  0.05462216273708994
compressing, currently time 1.448809
compression running ... current pf:  0.0551739017546363
compressing, currently time 1.492533
compression running ... current pf:  0.055731213893572
compressing, currently time 1.465211
compression running ... current pf:  0.05629415544805254
compressing, currently time 1.489312
compression running ... current pf:  0.05686278328086116
compressing, currently time 1.466198
compression running ... current pf:  0.057437154829152695
compressing, currently time 1.502073
compression running ... current pf:  0.05801732811025525
compressing, currently time 1.485267
compression running ... current pf:  0.05860336172753057
compressing, currently time 1.514643
compression running ... current pf:  0.059195314876293495
compressing, currently time 1.495459
compression running ... current pf:  0.059793247349791426
compressing, currently time 1.535431
compression running ... current pf:  0.06039721954524385
compressing, currently time 1.506566
compression running ... current pf:  0.06100729246994329
compressing, currently time 1.556175
compression running ... current pf:  0.06162352774741746
compressing, currently time 1.527776
compression running ... current pf:  0.06224598762365399
compressing, currently time 1.554184
compression running ... current pf:  0.06287473497338787
compressing, currently time 1.528755
compression running ... current pf:  0.06350983330645242
compressing, currently time 1.561987
compression running ... current pf:  0.06415134677419436
compressing, currently time 1.54859
compression running ... current pf:  0.0647993401759539
compressing, currently time 1.575899
compression running ... current pf:  0.06545387896561003
compressing, currently time 1.554231
compression running ... current pf:  0.06611502925819196
compressing, currently time 1.589001
compression running ... current pf:  0.06678285783655752
compressing, currently time 1.573879
compression running ... current pf:  0.06745743215813892
compressing, currently time 1.604483
compression running ... current pf:  0.06813882036175649
compressing, currently time 1.597014
compression running ... current pf:  0.06882709127450153
compressing, currently time 1.619001
compression running ... current pf:  0.0695223144186884
compressing, currently time 1.586887
compression running ... current pf:  0.07022456001887721
compressing, currently time 1.632143
compression running ... current pf:  0.07093389900896686
compressing, currently time 1.607432
compression running ... current pf:  0.07165040303936047
compressing, currently time 1.646433
compression running ... current pf:  0.07237414448420253
compressing, currently time 1.621101
compression running ... current pf:  0.07310519644868943
compressing, currently time 1.64674
compression running ... current pf:  0.073843632776454
compressing, currently time 1.630284
compression running ... current pf:  0.07458952805702428
compressing, currently time 1.668746
compression running ... current pf:  0.07534295763335785
compressing, currently time 1.64437
compression running ... current pf:  0.07610399760945241
compressing, currently time 1.673377
compression running ... current pf:  0.07687272485803273
compressing, currently time 1.659189
compression running ... current pf:  0.0776492170283159
compressing, currently time 1.689016
compression running ... current pf:  0.07843355255385442
compressing, currently time 1.671324
compression running ... current pf:  0.079225810660459
compressing, currently time 1.706219
compression running ... current pf:  0.08002607137420101
compressing, currently time 1.686339
compression running ... current pf:  0.08083441552949597
compressing, currently time 1.722247
compression running ... current pf:  0.08165092477726867
compressing, currently time 1.701113
compression running ... current pf:  0.08247568159320066
compressing, currently time 1.736025
compression running ... current pf:  0.08330876928606128
compressing, currently time 1.720794
compression running ... current pf:  0.08415027200612249
compressing, currently time 1.749044
compression running ... current pf:  0.0850002747536591
compressing, currently time 1.731226
compression running ... current pf:  0.08585886338753443
compressing, currently time 1.766744
compression running ... current pf:  0.08672612463387316
compressing, currently time 1.746685
compression running ... current pf:  0.0876021460948214
compressing, currently time 1.783413
compression running ... current pf:  0.08848701625739536
compressing, currently time 1.762895
compression running ... current pf:  0.08938082450241956
compressing, currently time 1.792792
compression running ... current pf:  0.0902836611135551
compressing, currently time 1.77031
compression running ... current pf:  0.0911956172864193
compressing, currently time 1.812091
compression running ... current pf:  0.09211678513779728
compressing, currently time 1.799367
compression running ... current pf:  0.09304725771494675
compressing, currently time 1.836438
compression running ... current pf:  0.09398712900499673
compressing, currently time 1.807404
compression running ... current pf:  0.09493649394444113
compressing, currently time 1.84621
compression running ... current pf:  0.09589544842872842
compressing, currently time 1.823499
compression running ... current pf:  0.09686408932194793
compressing, currently time 1.865357
compression running ... current pf:  0.09784251446661406
compressing, currently time 1.836731
compression running ... current pf:  0.09883082269354951
compressing, currently time 1.881281
compression running ... current pf:  0.09982911383186822
compressing, currently time 1.852459
compression running ... current pf:  0.10083748871905882
Traceback (most recent call last):
  File "/home/clarivi/micromamba/envs/python-env/lib/python3.14/site-packages/hoomd/operations.py", line 169, in remove
    container = self._get_proper_container(operation)
  File "/home/clarivi/micromamba/envs/python-env/lib/python3.14/site-packages/hoomd/operations.py", line 87, in _get_proper_container
    raise TypeError(f"{type(operation)} is not a valid operation type.")
TypeError: <class 'hoomd.data.syncedlist.SyncedList'> is not a valid operation type.

During handling of the above exception, another exception occurred:

Traceback (most recent call last):
  File "/home/clarivi/projects/IceCrystal_Project/src/run_scripts/../compress_scripts/project.py", line 23, in <module>
    compress(*jobs)
    ~~~~~~~~^^^^^^^
  File "/home/clarivi/projects/IceCrystal_Project/src/compress_scripts/compress_NEW.py", line 98, in compress
    simulation.operations.remove(simulation.operations.tuners)
    ~~~~~~~~~~~~~~~~~~~~~~~~~~~~^^^^^^^^^^^^^^^^^^^^^^^^^^^^^^
  File "/home/clarivi/micromamba/envs/python-env/lib/python3.14/site-packages/hoomd/operations.py", line 171, in remove
    raise TypeError(
    ...<2 lines>...
    )
TypeError: Type <class 'hoomd.data.syncedlist.SyncedList'> is not a valid type to remove from Operations.
[row] Error executing command.
