initial volume fraction = 0.05195296635570155
compressing, currently time 2.308445
compression running ... current pf:  0.05247774379363794
compressing, currently time 2.074997
compression running ... current pf:  0.053007822013775685
compressing, currently time 2.045124
compression running ... current pf:  0.053543254559369355
compressing, currently time 2.098557
compression running ... current pf:  0.054084095514514485
compressing, currently time 2.07834
compression running ... current pf:  0.054630399509610565
compressing, currently time 2.110032
compression running ... current pf:  0.05518222172687937
compressing, currently time 2.104312
compression running ... current pf:  0.05573961790593874
compressing, currently time 2.129319
compression running ... current pf:  0.05630264434943306
compressing, currently time 2.104129
compression running ... current pf:  0.05687135792872027
compressing, currently time 2.162564
compression running ... current pf:  0.05744581608961646
compressing, currently time 2.120907
compression running ... current pf:  0.05802607685819844
compressing, currently time 2.171075
compression running ... current pf:  0.05861219884666508
compressing, currently time 2.182381
compression running ... current pf:  0.05920424125925767
compressing, currently time 2.217642
compression running ... current pf:  0.059802263898240074
compressing, currently time 2.170124
compression running ... current pf:  0.06040632716993946
compressing, currently time 2.234092
compression running ... current pf:  0.061016492090847946
compressing, currently time 2.240596
compression running ... current pf:  0.061632820293785806
compressing, currently time 2.242075
compression running ... current pf:  0.06225537403412709
compressing, currently time 2.226302
compression running ... current pf:  0.06288421619608799
compressing, currently time 2.284164
compression running ... current pf:  0.06351941029907877
compressing, currently time 2.271229
compression running ... current pf:  0.06416102050411997
compressing, currently time 2.316129
compression running ... current pf:  0.06480911162032318
compressing, currently time 2.289264
compression running ... current pf:  0.06546374911143754
compressing, currently time 2.338018
compression running ... current pf:  0.06612499910246215
compressing, currently time 2.330222
compression running ... current pf:  0.06679292838632542
compressing, currently time 2.354875
compression running ... current pf:  0.06746760443063174
compressing, currently time 2.328724
compression running ... current pf:  0.0681490953844765
compressing, currently time 2.383873
compression running ... current pf:  0.0688374700853298
compressing, currently time 2.344511
compression running ... current pf:  0.06953279806598968
compressing, currently time 2.377535
compression running ... current pf:  0.07023514956160574
compressing, currently time 2.354127
compression running ... current pf:  0.07094459551677347
compressing, currently time 2.394891
compression running ... current pf:  0.07166120759270048
compressing, currently time 2.376899
compression running ... current pf:  0.07238505817444492
compressing, currently time 2.435442
compression running ... current pf:  0.0731162203782272
compressing, currently time 2.393798
compression running ... current pf:  0.07385476805881534
compressing, currently time 2.432539
compression running ... current pf:  0.07460077581698518
compressing, currently time 2.415247
compression running ... current pf:  0.07535431900705576
compressing, currently time 2.469933
compression running ... current pf:  0.07611547374450078
compressing, currently time 2.442654
compression running ... current pf:  0.07688431691363715
compressing, currently time 2.483366
compression running ... current pf:  0.07766092617539105
compressing, currently time 2.480893
compression running ... current pf:  0.07844537997514246
compressing, currently time 2.518419
compression running ... current pf:  0.07923775755064895
compressing, currently time 2.489972
compression running ... current pf:  0.08003813894004942
compressing, currently time 2.551796
compression running ... current pf:  0.08084660498994892
compressing, currently time 2.518382
compression running ... current pf:  0.08166323736358476
compressing, currently time 2.570996
compression running ... current pf:  0.0824881185490755
compressing, currently time 2.549025
compression running ... current pf:  0.08332133186775305
compressing, currently time 2.596752
compression running ... current pf:  0.08416296148257883
compressing, currently time 2.594893
compression running ... current pf:  0.0850130924066453
compressing, currently time 2.657529
compression running ... current pf:  0.0858718105117629
compressing, currently time 2.634841
compression running ... current pf:  0.08673920253713424
compressing, currently time 2.679546
compression running ... current pf:  0.08761535609811538
compressing, currently time 2.660475
compression running ... current pf:  0.08850035969506603
compressing, currently time 2.665334
compression running ... current pf:  0.08939430272228889
compressing, currently time 2.65375
compression running ... current pf:  0.09029727547705946
compressing, currently time 2.739103
compression running ... current pf:  0.09120936916874692
compressing, currently time 2.685432
compression running ... current pf:  0.09213067592802719
compressing, currently time 2.723576
compression running ... current pf:  0.09306128881618905
compressing, currently time 2.690527
compression running ... current pf:  0.09400130183453435
compressing, currently time 2.795971
compression running ... current pf:  0.09495080993387309
compressing, currently time 2.747209
compression running ... current pf:  0.0959099090241142
compressing, currently time 2.764245
compression running ... current pf:  0.09687869598395372
compressing, currently time 2.747433
compression running ... current pf:  0.09785726867066032
compressing, currently time 2.822407
compression running ... current pf:  0.0988457259299599
compressing, currently time 2.825732
compression running ... current pf:  0.09984416760602007
compressing, currently time 2.872505
compression running ... current pf:  0.10085269455153544
Traceback (most recent call last):
  File "/home/clarivi/micromamba/envs/python-env/lib/python3.14/site-packages/hoomd/operations.py", line 169, in remove
    container = self._get_proper_container(operation)
  File "/home/clarivi/micromamba/envs/python-env/lib/python3.14/site-packages/hoomd/operations.py", line 87, in _get_proper_container
    raise TypeError(f"{type(operation)} is not a valid operation type.")
TypeError: <class 'hoomd.data.syncedlist.SyncedList'> is not a valid operation type.

During handling of the above exception, another exception occurred:

Traceback (most recent call last):
  File "/home/clarivi/projects/IceCrystal_Project/src/run_scripts/../compress_scripts/project.py", line 23, in <module>
    compress(*jobs)
    ~~~~~~~~^^^^^^^
  File "/home/clarivi/projects/IceCrystal_Project/src/compress_scripts/compress_NEW.py", line 98, in compress
    simulation.operations.remove(simulation.operations.tuners)
    ~~~~~~~~~~~~~~~~~~~~~~~~~~~~^^^^^^^^^^^^^^^^^^^^^^^^^^^^^^
  File "/home/clarivi/micromamba/envs/python-env/lib/python3.14/site-packages/hoomd/operations.py", line 171, in remove
    raise TypeError(
    ...<2 lines>...
    )
TypeError: Type <class 'hoomd.data.syncedlist.SyncedList'> is not a valid type to remove from Operations.
[row] Error executing command.
