notice(2): Using domain decomposition: n_x = 1 n_y = 3 n_z = 3.
job id 94d30b75a39cd08bd34e5515c62f54ba, rank 2
got shape!
starting equilibration...
94d30b75a39cd08bd34e5515c62f54ba ended on step 1001 after 3.471523 seconds
job id 4adc6b34ee368ab6975680e4489bcb61, rank 1
got shape!
starting equilibration...
4adc6b34ee368ab6975680e4489bcb61 ended on step 1001 after 3.471523 seconds
job id 94d30b75a39cd08bd34e5515c62f54ba, rank 0
got shape!
starting equilibration...
94d30b75a39cd08bd34e5515c62f54ba ended on step 1001 after 3.471523 seconds
job id 94d30b75a39cd08bd34e5515c62f54ba, rank 1
got shape!
starting equilibration...
94d30b75a39cd08bd34e5515c62f54ba ended on step 1001 after 3.471523 seconds
job id bebbbc3db8932992e985623e68ea789b, rank 1
got shape!
starting equilibration...
bebbbc3db8932992e985623e68ea789b ended on step 1001 after 3.471523 seconds
job id bebbbc3db8932992e985623e68ea789b, rank 0
got shape!
starting equilibration...
bebbbc3db8932992e985623e68ea789b ended on step 1001 after 3.471523 seconds
job id bebbbc3db8932992e985623e68ea789b, rank 2
got shape!
starting equilibration...
bebbbc3db8932992e985623e68ea789b ended on step 1001 after 3.471523 seconds
job id 4adc6b34ee368ab6975680e4489bcb61, rank 2
got shape!
starting equilibration...
4adc6b34ee368ab6975680e4489bcb61 ended on step 1001 after 3.471523 seconds
job id 4adc6b34ee368ab6975680e4489bcb61, rank 0
got shape!
starting equilibration...
4adc6b34ee368ab6975680e4489bcb61 ended on step 1001 after 3.471523 seconds
