notice(2): Using domain decomposition: n_x = 1 n_y = 3 n_z = 3.
job id bebbbc3db8932992e985623e68ea789b, rank 2
got shape!
starting equilibration...
bebbbc3db8932992e985623e68ea789b ended on step 1001 after 3.845128 seconds
job id 4adc6b34ee368ab6975680e4489bcb61, rank 0
got shape!
starting equilibration...
4adc6b34ee368ab6975680e4489bcb61 ended on step 1001 after 3.845128 seconds
job id 4adc6b34ee368ab6975680e4489bcb61, rank 1
got shape!
starting equilibration...
4adc6b34ee368ab6975680e4489bcb61 ended on step 1001 after 3.845128 seconds
job id 4adc6b34ee368ab6975680e4489bcb61, rank 2
got shape!
starting equilibration...
4adc6b34ee368ab6975680e4489bcb61 ended on step 1001 after 3.845128 seconds
Traceback (most recent call last):
Traceback (most recent call last):
Traceback (most recent call last):
Traceback (most recent call last):
  File "/home/clarivi/projects/IceCrystal_Project/src/run_scripts/../compress_scripts/project.py", line 25, in <module>
    equilibrate(*jobs)
    ~~~~~~~~~~~^^^^^^^
  File "/home/clarivi/projects/IceCrystal_Project/src/compress_scripts/equilibrate.py", line 147, in equilibrate
    os.rename(job.fn("trajectory_temp.gsd"), job.fn("trajectory.gsd"))
    ~~~~~~~~~^^^^^^^^^^^^^^^^^^^^^^^^^^^^^^^^^^^^^^^^^^^^^^^^^^^^^^^^^
FileNotFoundError: [Errno 2] No such file or directory: '/home/clarivi/projects/IceCrystal_Project/data/workspace/bebbbc3db8932992e985623e68ea789b/trajectory_temp.gsd' -> '/home/clarivi/projects/IceCrystal_Project/data/workspace/bebbbc3db8932992e985623e68ea789b/trajectory.gsd'
  File "/home/clarivi/projects/IceCrystal_Project/src/run_scripts/../compress_scripts/project.py", line 25, in <module>
    equilibrate(*jobs)
    ~~~~~~~~~~~^^^^^^^
  File "/home/clarivi/projects/IceCrystal_Project/src/compress_scripts/equilibrate.py", line 147, in equilibrate
    os.rename(job.fn("trajectory_temp.gsd"), job.fn("trajectory.gsd"))
    ~~~~~~~~~^^^^^^^^^^^^^^^^^^^^^^^^^^^^^^^^^^^^^^^^^^^^^^^^^^^^^^^^^
  File "/home/clarivi/projects/IceCrystal_Project/src/run_scripts/../compress_scripts/project.py", line 25, in <module>
    equilibrate(*jobs)
    ~~~~~~~~~~~^^^^^^^
  File "/home/clarivi/projects/IceCrystal_Project/src/compress_scripts/equilibrate.py", line 147, in equilibrate
    os.rename(job.fn("trajectory_temp.gsd"), job.fn("trajectory.gsd"))
    ~~~~~~~~~^^^^^^^^^^^^^^^^^^^^^^^^^^^^^^^^^^^^^^^^^^^^^^^^^^^^^^^^^
FileNotFoundError: [Errno 2] No such file or directory: '/home/clarivi/projects/IceCrystal_Project/data/workspace/4adc6b34ee368ab6975680e4489bcb61/trajectory_temp.gsd' -> '/home/clarivi/projects/IceCrystal_Project/data/workspace/4adc6b34ee368ab6975680e4489bcb61/trajectory.gsd'
FileNotFoundError: [Errno 2] No such file or directory: '/home/clarivi/projects/IceCrystal_Project/data/workspace/4adc6b34ee368ab6975680e4489bcb61/trajectory_temp.gsd' -> '/home/clarivi/projects/IceCrystal_Project/data/workspace/4adc6b34ee368ab6975680e4489bcb61/trajectory.gsd'
  File "/home/clarivi/projects/IceCrystal_Project/src/run_scripts/../compress_scripts/project.py", line 25, in <module>
    equilibrate(*jobs)
    ~~~~~~~~~~~^^^^^^^
  File "/home/clarivi/projects/IceCrystal_Project/src/compress_scripts/equilibrate.py", line 147, in equilibrate
    os.rename(job.fn("trajectory_temp.gsd"), job.fn("trajectory.gsd"))
    ~~~~~~~~~^^^^^^^^^^^^^^^^^^^^^^^^^^^^^^^^^^^^^^^^^^^^^^^^^^^^^^^^^
FileNotFoundError: [Errno 2] No such file or directory: '/home/clarivi/projects/IceCrystal_Project/data/workspace/4adc6b34ee368ab6975680e4489bcb61/trajectory_temp.gsd' -> '/home/clarivi/projects/IceCrystal_Project/data/workspace/4adc6b34ee368ab6975680e4489bcb61/trajectory.gsd'
job id bebbbc3db8932992e985623e68ea789b, rank 0
got shape!
starting equilibration...
bebbbc3db8932992e985623e68ea789b ended on step 1001 after 3.845128 seconds
job id bebbbc3db8932992e985623e68ea789b, rank 1
got shape!
starting equilibration...
bebbbc3db8932992e985623e68ea789b ended on step 1001 after 3.845128 seconds
Traceback (most recent call last):
Traceback (most recent call last):
  File "/home/clarivi/projects/IceCrystal_Project/src/run_scripts/../compress_scripts/project.py", line 25, in <module>
    equilibrate(*jobs)
    ~~~~~~~~~~~^^^^^^^
  File "/home/clarivi/projects/IceCrystal_Project/src/compress_scripts/equilibrate.py", line 147, in equilibrate
    os.rename(job.fn("trajectory_temp.gsd"), job.fn("trajectory.gsd"))
    ~~~~~~~~~^^^^^^^^^^^^^^^^^^^^^^^^^^^^^^^^^^^^^^^^^^^^^^^^^^^^^^^^^
FileNotFoundError: [Errno 2] No such file or directory: '/home/clarivi/projects/IceCrystal_Project/data/workspace/bebbbc3db8932992e985623e68ea789b/trajectory_temp.gsd' -> '/home/clarivi/projects/IceCrystal_Project/data/workspace/bebbbc3db8932992e985623e68ea789b/trajectory.gsd'
  File "/home/clarivi/projects/IceCrystal_Project/src/run_scripts/../compress_scripts/project.py", line 25, in <module>
    equilibrate(*jobs)
    ~~~~~~~~~~~^^^^^^^
  File "/home/clarivi/projects/IceCrystal_Project/src/compress_scripts/equilibrate.py", line 147, in equilibrate
    os.rename(job.fn("trajectory_temp.gsd"), job.fn("trajectory.gsd"))
    ~~~~~~~~~^^^^^^^^^^^^^^^^^^^^^^^^^^^^^^^^^^^^^^^^^^^^^^^^^^^^^^^^^
FileNotFoundError: [Errno 2] No such file or directory: '/home/clarivi/projects/IceCrystal_Project/data/workspace/bebbbc3db8932992e985623e68ea789b/trajectory_temp.gsd' -> '/home/clarivi/projects/IceCrystal_Project/data/workspace/bebbbc3db8932992e985623e68ea789b/trajectory.gsd'
job id 431f56e9d91e2612f2acae352316eff8, rank 1
got shape!
starting equilibration...
431f56e9d91e2612f2acae352316eff8 ended on step 1001 after 3.845128 seconds
job id 431f56e9d91e2612f2acae352316eff8, rank 2
got shape!
starting equilibration...
431f56e9d91e2612f2acae352316eff8 ended on step 1001 after 3.845128 seconds
Traceback (most recent call last):
Traceback (most recent call last):
  File "/home/clarivi/projects/IceCrystal_Project/src/run_scripts/../compress_scripts/project.py", line 25, in <module>
    equilibrate(*jobs)
    ~~~~~~~~~~~^^^^^^^
  File "/home/clarivi/projects/IceCrystal_Project/src/compress_scripts/equilibrate.py", line 147, in equilibrate
    os.rename(job.fn("trajectory_temp.gsd"), job.fn("trajectory.gsd"))
    ~~~~~~~~~^^^^^^^^^^^^^^^^^^^^^^^^^^^^^^^^^^^^^^^^^^^^^^^^^^^^^^^^^
FileNotFoundError: [Errno 2] No such file or directory: '/home/clarivi/projects/IceCrystal_Project/data/workspace/431f56e9d91e2612f2acae352316eff8/trajectory_temp.gsd' -> '/home/clarivi/projects/IceCrystal_Project/data/workspace/431f56e9d91e2612f2acae352316eff8/trajectory.gsd'
  File "/home/clarivi/projects/IceCrystal_Project/src/run_scripts/../compress_scripts/project.py", line 25, in <module>
    equilibrate(*jobs)
    ~~~~~~~~~~~^^^^^^^
  File "/home/clarivi/projects/IceCrystal_Project/src/compress_scripts/equilibrate.py", line 147, in equilibrate
    os.rename(job.fn("trajectory_temp.gsd"), job.fn("trajectory.gsd"))
    ~~~~~~~~~^^^^^^^^^^^^^^^^^^^^^^^^^^^^^^^^^^^^^^^^^^^^^^^^^^^^^^^^^
FileNotFoundError: [Errno 2] No such file or directory: '/home/clarivi/projects/IceCrystal_Project/data/workspace/431f56e9d91e2612f2acae352316eff8/trajectory_temp.gsd' -> '/home/clarivi/projects/IceCrystal_Project/data/workspace/431f56e9d91e2612f2acae352316eff8/trajectory.gsd'
job id 431f56e9d91e2612f2acae352316eff8, rank 0
got shape!
starting equilibration...
431f56e9d91e2612f2acae352316eff8 ended on step 1001 after 3.845128 seconds
--------------------------------------------------------------------------
MPI_ABORT was invoked on rank 3 in communicator MPI_COMM_WORLD
with errorcode 1.

NOTE: invoking MPI_ABORT causes Open MPI to kill all MPI processes.
You may or may not see output from other processes, depending on
exactly when Open MPI kills them.
--------------------------------------------------------------------------
--------------------------------------------------------------------------
MPI_ABORT was invoked on rank 4 in communicator MPI_COMM_WORLD
with errorcode 1.

NOTE: invoking MPI_ABORT causes Open MPI to kill all MPI processes.
You may or may not see output from other processes, depending on
exactly when Open MPI kills them.
--------------------------------------------------------------------------
--------------------------------------------------------------------------
MPI_ABORT was invoked on rank 6 in communicator MPI_COMM_WORLD
with errorcode 1.

NOTE: invoking MPI_ABORT causes Open MPI to kill all MPI processes.
You may or may not see output from other processes, depending on
exactly when Open MPI kills them.
--------------------------------------------------------------------------
--------------------------------------------------------------------------
MPI_ABORT was invoked on rank 7 in communicator MPI_COMM_WORLD
with errorcode 1.

NOTE: invoking MPI_ABORT causes Open MPI to kill all MPI processes.
You may or may not see output from other processes, depending on
exactly when Open MPI kills them.
--------------------------------------------------------------------------
--------------------------------------------------------------------------
MPI_ABORT was invoked on rank 5 in communicator MPI_COMM_WORLD
with errorcode 1.

NOTE: invoking MPI_ABORT causes Open MPI to kill all MPI processes.
You may or may not see output from other processes, depending on
exactly when Open MPI kills them.
--------------------------------------------------------------------------
--------------------------------------------------------------------------
MPI_ABORT was invoked on rank 8 in communicator MPI_COMM_WORLD
with errorcode 1.

NOTE: invoking MPI_ABORT causes Open MPI to kill all MPI processes.
You may or may not see output from other processes, depending on
exactly when Open MPI kills them.
--------------------------------------------------------------------------
[2026-07-29T11:24:52.296] error: *** STEP 55388611.0 ON gl3449 CANCELLED AT 2026-07-29T11:24:52 DUE to SIGNAL Killed ***
srun: Job step aborted: Waiting up to 32 seconds for job step to finish.
srun: error: gl3451: task 8: Exited with exit code 1
srun: error: gl3449: tasks 0-2: Killed
srun: error: gl3450: tasks 3-7: Killed
[row] Error executing command.
