job id 022cf9a850f064268634d2ec783672d1, rank 0
job id 4ed340eff15064418bda4e2f7a86de39, rank 0
job id 50439bf8b1cc73cae0809dae01d8fefb, rank 0
job id ddff895b09f2a6135b309a05798b8556, rank 0
got shape!
got shape!
got shape!
notice(2): Using domain decomposition: n_x = 2 n_y = 1 n_z = 2.
notice(2): Using domain decomposition: n_x = 1 n_y = 2 n_z = 2.
got shape!
notice(2): Using domain decomposition: n_x = 1 n_y = 2 n_z = 2.
100000
100000000
100000
100000000
notice(2): Using domain decomposition: n_x = 1 n_y = 2 n_z = 2.
100000
100000000
100000
100000000
[2026-08-05T21:55:08.006] error: *** STEP 56522590.0 ON gl3190 CANCELLED AT 2026-08-05T21:55:08 DUE TO TIME LIMIT ***
[2026-08-05T21:55:08.007] error: *** JOB 56522590 ON gl3190 CANCELLED AT 2026-08-05T21:55:08 DUE TO TIME LIMIT ***
srun: Job step aborted: Waiting up to 32 seconds for job step to finish.
srun: got SIGCONT
srun: forcing job termination
