job id 0a631b2609bd635ea2d051e1dcfba71b, rank 0
job id 3b065c5605c8004eb52c7c49299765d2, rank 0
job id b2c87e86836397b882fafe2e4f5280e6, rank 0
job id 2668ad2fe69df16653f390015d1eb8e2, rank 0
got shape!
got shape!
got shape!
got shape!
notice(2): Using domain decomposition: n_x = 2 n_y = 1 n_z = 2.
notice(2): Using domain decomposition: n_x = 1 n_y = 2 n_z = 2.
notice(2): Using domain decomposition: n_x = 2 n_y = 1 n_z = 2.
notice(2): Using domain decomposition: n_x = 2 n_y = 1 n_z = 2.
100000
100457800
100000
100000
100284500
100285200
100000
100284500
[2026-08-05T21:53:38.011] error: *** JOB 56522579 ON gl3064 CANCELLED AT 2026-08-05T21:53:38 DUE TO TIME LIMIT ***
srun: Job step aborted: Waiting up to 32 seconds for job step to finish.
[2026-08-05T21:53:38.015] error: *** STEP 56522579.0 ON gl3064 CANCELLED AT 2026-08-05T21:53:38 DUE TO TIME LIMIT ***
srun: got SIGCONT
srun: forcing job termination
