notice(2): Using domain decomposition: n_x = 2 n_y = 2 n_z = 3.
job id 022cf9a850f064268634d2ec783672d1, rank 2
got shape!
sim_time is :  100000000
starting equilibration...
022cf9a850f064268634d2ec783672d1 ended on step 2001 after 3.04213 seconds
job id 022cf9a850f064268634d2ec783672d1, rank 1
got shape!
sim_time is :  100000000
starting equilibration...
022cf9a850f064268634d2ec783672d1 ended on step 2001 after 3.04213 seconds
job id ddff895b09f2a6135b309a05798b8556, rank 2
got shape!
sim_time is :  100000000
starting equilibration...
ddff895b09f2a6135b309a05798b8556 ended on step 2001 after 3.04213 seconds
job id 4ed340eff15064418bda4e2f7a86de39, rank 2
got shape!
sim_time is :  100000000
starting equilibration...
4ed340eff15064418bda4e2f7a86de39 ended on step 2001 after 3.04213 seconds
job id 50439bf8b1cc73cae0809dae01d8fefb, rank 0
got shape!
sim_time is :  100000000
starting equilibration...
50439bf8b1cc73cae0809dae01d8fefb ended on step 2001 after 3.04213 seconds
job id ddff895b09f2a6135b309a05798b8556, rank 0
got shape!
sim_time is :  100000000
starting equilibration...
ddff895b09f2a6135b309a05798b8556 ended on step 2001 after 3.04213 seconds
job id 4ed340eff15064418bda4e2f7a86de39, rank 0
got shape!
sim_time is :  100000000
starting equilibration...
4ed340eff15064418bda4e2f7a86de39 ended on step 2001 after 3.04213 seconds
job id 50439bf8b1cc73cae0809dae01d8fefb, rank 2
got shape!
sim_time is :  100000000
starting equilibration...
50439bf8b1cc73cae0809dae01d8fefb ended on step 2001 after 3.04213 seconds
job id 022cf9a850f064268634d2ec783672d1, rank 0
got shape!
sim_time is :  100000000
starting equilibration...
022cf9a850f064268634d2ec783672d1 ended on step 2001 after 3.04213 seconds
job id ddff895b09f2a6135b309a05798b8556, rank 1
got shape!
sim_time is :  100000000
starting equilibration...
ddff895b09f2a6135b309a05798b8556 ended on step 2001 after 3.04213 seconds
job id 50439bf8b1cc73cae0809dae01d8fefb, rank 1
got shape!
sim_time is :  100000000
starting equilibration...
50439bf8b1cc73cae0809dae01d8fefb ended on step 2001 after 3.04213 seconds
job id 4ed340eff15064418bda4e2f7a86de39, rank 1
got shape!
sim_time is :  100000000
starting equilibration...
4ed340eff15064418bda4e2f7a86de39 ended on step 2001 after 3.04213 seconds
