job id 50439bf8b1cc73cae0809dae01d8fefb, rank 0
job id ddff895b09f2a6135b309a05798b8556, rank 0
job id 4ed340eff15064418bda4e2f7a86de39, rank 0
job id 022cf9a850f064268634d2ec783672d1, rank 0
got shape!
got shape!
got shape!
got shape!
notice(2): Using domain decomposition: n_x = 2 n_y = 1 n_z = 2.
notice(2): Using domain decomposition: n_x = 1 n_y = 2 n_z = 2.
notice(2): Using domain decomposition: n_x = 2 n_y = 1 n_z = 2.
notice(2): Using domain decomposition: n_x = 2 n_y = 1 n_z = 2.
100000
100000000
100000
100000000
100000
100000000
100000
100000000
[2026-08-06T21:40:13.016] error: *** JOB 56604554 ON gl3150 CANCELLED AT 2026-08-06T21:40:13 DUE TO TIME LIMIT ***
srun: Job step aborted: Waiting up to 32 seconds for job step to finish.
[2026-08-06T21:40:13.018] error: *** STEP 56604554.0 ON gl3150 CANCELLED AT 2026-08-06T21:40:13 DUE TO TIME LIMIT ***
srun: got SIGCONT
srun: forcing job termination
