job id 0a631b2609bd635ea2d051e1dcfba71b, rank 0
got shape!
job id 2668ad2fe69df16653f390015d1eb8e2, rank 0
got shape!
Traceback (most recent call last):
  File "/home/clarivi/projects/IceCrystal_Project/src/run_scripts/../compress_scripts/project.py", line 27, in <module>
    equilibrate(*jobs)
    ~~~~~~~~~~~^^^^^^^
  File "/home/clarivi/projects/IceCrystal_Project/src/compress_scripts/equilibrate.py", line 47, in equilibrate
    simulation = create_simulation(job.fn("compressed.gsd"),
                                frame = 0,
                                shapes = shapes,
                                atoms = job.sp.atoms,
                                communicator = communicator)
  File "/home/clarivi/projects/IceCrystal_Project/src/compress_scripts/utils.py", line 20, in create_simulation
    simulation.create_state_from_gsd(filename, frame)
    ~~~~~~~~~~~~~~~~~~~~~~~~~~~~~~~~^^^^^^^^^^^^^^^^^
  File "/home/clarivi/micromamba/envs/python-env/lib/python3.14/site-packages/hoomd/simulation.py", line 234, in create_state_from_gsd
    reader = _hoomd.GSDReader(
        self.device._cpp_exec_conf, filename, abs(frame), frame < 0
    )
RuntimeError: GSD: No such file or directory - /home/clarivi/projects/IceCrystal_Project/data/workspace/0a631b2609bd635ea2d051e1dcfba71b/compressed.gsd
Traceback (most recent call last):
  File "/home/clarivi/projects/IceCrystal_Project/src/run_scripts/../compress_scripts/project.py", line 27, in <module>
    equilibrate(*jobs)
    ~~~~~~~~~~~^^^^^^^
  File "/home/clarivi/projects/IceCrystal_Project/src/compress_scripts/equilibrate.py", line 47, in equilibrate
    simulation = create_simulation(job.fn("compressed.gsd"),
                                frame = 0,
                                shapes = shapes,
                                atoms = job.sp.atoms,
                                communicator = communicator)
  File "/home/clarivi/projects/IceCrystal_Project/src/compress_scripts/utils.py", line 20, in create_simulation
    simulation.create_state_from_gsd(filename, frame)
    ~~~~~~~~~~~~~~~~~~~~~~~~~~~~~~~~^^^^^^^^^^^^^^^^^
  File "/home/clarivi/micromamba/envs/python-env/lib/python3.14/site-packages/hoomd/simulation.py", line 234, in create_state_from_gsd
    reader = _hoomd.GSDReader(
        self.device._cpp_exec_conf, filename, abs(frame), frame < 0
    )
RuntimeError: GSD: No such file or directory - /home/clarivi/projects/IceCrystal_Project/data/workspace/2668ad2fe69df16653f390015d1eb8e2/compressed.gsd
--------------------------------------------------------------------------
MPI_ABORT was invoked on rank 0 in communicator MPI_COMM_WORLD
with errorcode 1.

NOTE: invoking MPI_ABORT causes Open MPI to kill all MPI processes.
You may or may not see output from other processes, depending on
exactly when Open MPI kills them.
--------------------------------------------------------------------------
--------------------------------------------------------------------------
MPI_ABORT was invoked on rank 3 in communicator MPI_COMM_WORLD
with errorcode 1.

NOTE: invoking MPI_ABORT causes Open MPI to kill all MPI processes.
You may or may not see output from other processes, depending on
exactly when Open MPI kills them.
--------------------------------------------------------------------------
[2026-07-27T19:49:58.708] error: *** STEP 55178254.0 ON gl3131 CANCELLED AT 2026-07-27T19:49:58 DUE to SIGNAL Killed ***
srun: Job step aborted: Waiting up to 32 seconds for job step to finish.
srun: error: gl3418: task 4: Killed
srun: error: gl3378: task 3: Exited with exit code 1
srun: error: gl3462: task 5: Killed
srun: error: gl3247: task 2: Killed
srun: error: gl3168: task 1: Killed
srun: error: gl3131: task 0: Exited with exit code 1
[row] Error executing command.
