Traceback (most recent call last):
  File "/home/clarivi/micromamba/envs/python-env/lib/python3.14/site-packages/synced_collections/data_types/attr_dict.py", line 43, in __getattr__
    return self.__getitem__(name)
           ~~~~~~~~~~~~~~~~^^^^^^
  File "/home/clarivi/micromamba/envs/python-env/lib/python3.14/site-packages/synced_collections/data_types/synced_collection.py", line 476, in __getitem__
    return self._data[key]
           ~~~~~~~~~~^^^^^
KeyError: 'phase_name'

During handling of the above exception, another exception occurred:

Traceback (most recent call last):
  File "/home/clarivi/projects/IceCrystal_Project/src/run_scripts/../compress_scripts/project.py", line 21, in <module>
    initialize(*jobs)
    ~~~~~~~~~~^^^^^^^
  File "/home/clarivi/projects/IceCrystal_Project/src/compress_scripts/initialize.py", line 113, in initialize
    print(f"job (phase: {job.sp.phase_name}) ended after {simulation.walltime} seconds, with {simulation.operations.integrator.overlaps} overlaps!")
                         ^^^^^^^^^^^^^^^^^
  File "/home/clarivi/micromamba/envs/python-env/lib/python3.14/site-packages/synced_collections/data_types/attr_dict.py", line 45, in __getattr__
    raise AttributeError(e)
AttributeError: 'phase_name'
[row] Error executing command.
